
> portfolio-app@0.1.0 build
> next build

node.exe : 'next' is 
not recognized as an 
internal or external 
command,
At C:\Program Files\nod
ejs\npm.ps1:29 char:3
+   & $NODE_EXE 
$NPM_CLI_JS $args
+   ~~~~~~~~~~~~~~~~~~~
~~~~~~~~~~
    + CategoryInfo     
         : 
NotSpecified    : 
('next' is not r.    
..ternal command,:S    
tring) [], RemoteEx    
ception
    + 
FullyQualifiedErr    
orId : NativeComman    
dError
 
operable program or 
batch file.
